// Jest Snapshot v1, https://goo.gl/fbAQLP

exports[`babel plugin inline kitchen sink 1`] = `
"
const cls = css(\\"css-h5t3cu\\", [margin], function inlineCss(x0) {
  return [\`.css-h5t3cu { font-size: 58pt;margin: \${x0}; }\`];
});
const frag = fragment('frag-zzm2ov', [], () => [\`.frag-zzm2ov { padding: 8px; }\`]);
const fragB = fragment('frag-16v04hq', [heightVar, frag], (x0, x1) => [\`.frag-16v04hq { height: \${x0};\${x1}; }\`]);
const cls2 = css(\\"css-194c4h8\\", [frag, fragB], function inlineCss(x0, x1) {
  return [\`.css-194c4h8 { \${x0};
       \${x1}; 
       margin: 12px 48px;
       color: #ffffff; }\`];
});"
`;

exports[`babel plugin inline simple 1`] = `
"
css(\\"css-r1aqtk\\", [colorVar, heightVar], function inlineCss(x0, x1) {
  return [\`.css-r1aqtk { margin: 12px;
       color: \${x0};
       height: \${x1}; }\`];
});"
`;

exports[`babel plugin normal 1`] = `
"
css(\\"css-186afxg\\", [props => props.height * props.scale, widthVar]);"
`;
